------------------------------------------------------------
TimeQuest Timing Analyzer Summary
------------------------------------------------------------

Type  : Slow 1200mV 85C Model Setup 'CLOCK_50'
Slack : -4.056
TNS   : -386.084

Type  : Slow 1200mV 85C Model Hold 'CLOCK_50'
Slack : 0.343
TNS   : 0.000

Type  : Slow 1200mV 85C Model Recovery 'CLOCK_50'
Slack : -1.799
TNS   : -258.933

Type  : Slow 1200mV 85C Model Removal 'CLOCK_50'
Slack : 1.936
TNS   : 0.000

Type  : Slow 1200mV 85C Model Minimum Pulse Width 'CLOCK_50'
Slack : -3.000
TNS   : -189.000

Type  : Slow 1200mV 0C Model Setup 'CLOCK_50'
Slack : -3.575
TNS   : -328.497

Type  : Slow 1200mV 0C Model Hold 'CLOCK_50'
Slack : 0.299
TNS   : 0.000

Type  : Slow 1200mV 0C Model Recovery 'CLOCK_50'
Slack : -1.484
TNS   : -210.696

Type  : Slow 1200mV 0C Model Removal 'CLOCK_50'
Slack : 1.731
TNS   : 0.000

Type  : Slow 1200mV 0C Model Minimum Pulse Width 'CLOCK_50'
Slack : -3.000
TNS   : -189.000

Type  : Fast 1200mV 0C Model Setup 'CLOCK_50'
Slack : -1.865
TNS   : -142.995

Type  : Fast 1200mV 0C Model Hold 'CLOCK_50'
Slack : 0.179
TNS   : 0.000

Type  : Fast 1200mV 0C Model Recovery 'CLOCK_50'
Slack : -0.651
TNS   : -86.068

Type  : Fast 1200mV 0C Model Removal 'CLOCK_50'
Slack : 1.124
TNS   : 0.000

Type  : Fast 1200mV 0C Model Minimum Pulse Width 'CLOCK_50'
Slack : -3.000
TNS   : -245.411

------------------------------------------------------------
